Generating voice with ElevenLabs...
Image 1 OK: https://a.espncdn.com/photo/2024/0710/r1356919_1111x625_16-9.png
Image 2 OK: https://media.altchar.com/prod/images/gm_article_promo_image/daa6c0921658-nba-2k25coverr-art.jpg
Image 3 OK: https://staticg.sportskeeda.com/editor/2024/09/e9f22-17254565431328-1920.jpg
Image 4 OK: https://i.ytimg.com/vi/FCI8jJV6mS4/maxresdefault.jpg
Image 5 OK: https://i.ytimg.com/vi/kPSO8K6BJdE/maxresdefault.jpg
Image 6 OK: https://www.videogamer.com/wp-content/uploads/nba-2k25-server-4b538e50.jpg
Image 7 OK: https://img.gg.deals/a6/09/e26dcbb8bb07a4c70fe47212beebe11fd7e3_1232xr706_Q100.png
Image 8 OK: https://blog.fr.playstation.com/tachyon/sites/10/2084/08/ec58c3cb910d808fb4656bf3072d7431989e4615.jpg?resize=1088%2C612&crop_strategy=smart
Image 9 OK: https://img.freepik.com/premium-photo/basketball-court-covered-fog-with-basketball-hoop-background-eerie-stillness-empty-basketball-court-only-movement-coming-from-drifting-lone-basketball_538213-102431.jpg?w=1380
Rendering 31.1s video...
[90mDownloading Chrome Headless Shell https://www.remotion.dev/chrome-headless-shell[39m
Getting Headless Shell - 9.5 Mb/88.2 Mb
Getting Headless Shell - 19.1 Mb/88.2 Mb
Getting Headless Shell - 28.6 Mb/88.2 Mb
Getting Headless Shell - 38.2 Mb/88.2 Mb
Getting Headless Shell - 47.7 Mb/88.2 Mb
Getting Headless Shell - 57.3 Mb/88.2 Mb
Getting Headless Shell - 66.8 Mb/88.2 Mb
Getting Headless Shell - 76.3 Mb/88.2 Mb
Getting Headless Shell - 85.9 Mb/88.2 Mb
Got Headless Shell
Bundling 6%
Bundling 24%
Bundling 38%
Bundling 51%
Bundling 65%
Bundling 71%
Bundling 76%
Bundling 81%
Bundling 87%
Bundling 92%
Bundling 98%
Bundling 100%
Getting compositions
⚡️ Cached bundle. Subsequent renders will be faster.
Getting compositions
[90mComposition          Short[39m
[90mCodec                h264[39m
[90mOutput               out/nba-2k25-delisting.mp4[39m
[90mConcurrency          2x[39m
Rendered 0/933
Rendered 1/933, time remaining: 8m 30s
Rendered 2/933, time remaining: 8m 50s
Rendered 3/933, time remaining: 7m 18s
Rendered 4/933, time remaining: 6m 33s
Rendered 5/933, time remaining: 6m 9s
Rendered 6/933, time remaining: 5m 52s
Rendered 7/933, time remaining: 5m 33s
Rendered 8/933, time remaining: 5m 30s
Rendered 9/933, time remaining: 5m 22s
Rendered 10/933, time remaining: 5m 16s
Rendered 11/933, time remaining: 5m 9s
Rendered 12/933, time remaining: 5m 4s
Rendered 13/933, time remaining: 5m 0s
Rendered 14/933, time remaining: 4m 56s
Rendered 15/933, time remaining: 4m 51s
Rendered 16/933, time remaining: 4m 53s
Rendered 17/933, time remaining: 4m 50s
Rendered 18/933, time remaining: 4m 49s
Rendered 19/933, time remaining: 4m 47s
Rendered 20/933, time remaining: 4m 44s
Rendered 21/933, time remaining: 4m 41s
Rendered 22/933, time remaining: 4m 43s
Rendered 23/933, time remaining: 4m 41s
Rendered 24/933, time remaining: 4m 39s
Rendered 25/933, time remaining: 4m 40s
Rendered 26/933, time remaining: 4m 40s
Rendered 27/933, time remaining: 4m 40s
Rendered 28/933, time remaining: 4m 43s
Rendered 29/933, time remaining: 4m 42s
Rendered 30/933, time remaining: 4m 43s
Rendered 31/933, time remaining: 4m 43s
Rendered 32/933, time remaining: 4m 42s
Rendered 33/933, time remaining: 4m 41s
Rendered 34/933, time remaining: 4m 43s
Rendered 35/933, time remaining: 4m 43s
Rendered 36/933, time remaining: 4m 45s
Rendered 37/933, time remaining: 4m 47s
Rendered 37/933, time remaining: 4m 47s
Rendered 38/933, time remaining: 4m 47s
Rendered 39/933, time remaining: 4m 47s
Rendered 39/933, time remaining: 4m 47s
Rendered 40/933, time remaining: 4m 47s
Rendered 41/933, time remaining: 4m 47s
Rendered 42/933, time remaining: 4m 47s
Rendered 43/933, time remaining: 4m 46s
Rendered 43/933, time remaining: 4m 46s
Rendered 44/933, time remaining: 4m 48s
Rendered 45/933, time remaining: 4m 49s
Rendered 45/933, time remaining: 4m 49s
Rendered 46/933, time remaining: 4m 48s
Rendered 47/933, time remaining: 4m 50s
Rendered 47/933, time remaining: 4m 50s
Rendered 48/933, time remaining: 4m 50s
Rendered 49/933, time remaining: 4m 52s
Rendered 50/933, time remaining: 4m 52s
Rendered 51/933, time remaining: 4m 53s
Rendered 51/933, time remaining: 4m 53s
Rendered 52/933, time remaining: 4m 53s
Rendered 53/933, time remaining: 4m 54s
Rendered 53/933, time remaining: 4m 54s
Rendered 54/933, time remaining: 4m 54s
Rendered 55/933, time remaining: 4m 54s
Rendered 56/933, time remaining: 4m 54s
Rendered 56/933, time remaining: 4m 54s
Rendered 57/933, time remaining: 4m 54s
Rendered 58/933, time remaining: 4m 54s
Rendered 59/933, time remaining: 4m 54s
Rendered 59/933, time remaining: 4m 54s
Rendered 60/933, time remaining: 4m 54s
Rendered 61/933, time remaining: 4m 54s
Rendered 61/933, time remaining: 4m 54s
Rendered 62/933, time remaining: 4m 55s
Rendered 63/933, time remaining: 4m 55s
Rendered 63/933, time remaining: 4m 55s
Rendered 64/933, time remaining: 4m 56s
Rendered 65/933, time remaining: 4m 55s
Rendered 66/933, time remaining: 4m 56s
Rendered 67/933, time remaining: 4m 57s
Rendered 67/933, time remaining: 4m 57s
Rendered 68/933, time remaining: 4m 57s
Rendered 69/933, time remaining: 4m 57s
Rendered 69/933, time remaining: 4m 57s
Rendered 70/933, time remaining: 4m 57s
Rendered 71/933, time remaining: 4m 56s
Rendered 72/933, time remaining: 4m 55s
Rendered 73/933, time remaining: 4m 55s
Rendered 73/933, time remaining: 4m 55s
Rendered 74/933, time remaining: 4m 54s
Rendered 75/933, time remaining: 4m 54s
Rendered 75/933, time remaining: 4m 54s
Rendered 76/933, time remaining: 4m 53s
Rendered 77/933, time remaining: 4m 53s
Rendered 78/933, time remaining: 4m 52s
Rendered 79/933, time remaining: 4m 51s
Rendered 79/933, time remaining: 4m 51s
Rendered 80/933, time remaining: 4m 50s
Rendered 81/933, time remaining: 4m 50s
Rendered 81/933, time remaining: 4m 50s
Rendered 82/933, time remaining: 4m 50s
Rendered 83/933, time remaining: 4m 49s
Rendered 84/933, time remaining: 4m 48s
Rendered 85/933, time remaining: 4m 47s
Rendered 85/933, time remaining: 4m 47s
Rendered 86/933, time remaining: 4m 47s
Rendered 87/933, time remaining: 4m 46s
Rendered 88/933, time remaining: 4m 45s
Rendered 89/933, time remaining: 4m 44s
Rendered 89/933, time remaining: 4m 44s
Rendered 90/933, time remaining: 4m 44s
Rendered 91/933, time remaining: 4m 44s
Rendered 91/933, time remaining: 4m 44s
Rendered 92/933, time remaining: 4m 43s
Rendered 93/933, time remaining: 4m 43s
Rendered 94/933, time remaining: 4m 42s
Rendered 95/933, time remaining: 4m 42s
Rendered 95/933, time remaining: 4m 42s
Rendered 96/933, time remaining: 4m 41s
Rendered 97/933, time remaining: 4m 41s
Rendered 97/933, time remaining: 4m 41s
Rendered 98/933, time remaining: 4m 41s
Rendered 99/933, time remaining: 4m 41s
Rendered 100/933, time remaining: 4m 40s
Rendered 101/933, time remaining: 4m 39s
Rendered 101/933, time remaining: 4m 39s
Rendered 102/933, time remaining: 4m 39s
Rendered 103/933, time remaining: 4m 39s
Rendered 103/933, time remaining: 4m 39s
Rendered 104/933, time remaining: 4m 38s
Rendered 105/933, time remaining: 4m 37s
Rendered 106/933, time remaining: 4m 37s
Rendered 107/933, time remaining: 4m 36s
Rendered 107/933, time remaining: 4m 36s
Rendered 108/933, time remaining: 4m 36s
Rendered 109/933, time remaining: 4m 35s
Rendered 110/933, time remaining: 4m 34s
Rendered 110/933, time remaining: 4m 34s
Rendered 111/933, time remaining: 4m 34s
Rendered 112/933, time remaining: 4m 34s
Rendered 113/933, time remaining: 4m 34s
Rendered 113/933, time remaining: 4m 34s
Rendered 114/933, time remaining: 4m 33s
Rendered 115/933, time remaining: 4m 33s
Rendered 116/933, time remaining: 4m 32s
Rendered 117/933, time remaining: 4m 32s
Rendered 117/933, time remaining: 4m 32s
Rendered 118/933, time remaining: 4m 31s
Rendered 119/933, time remaining: 4m 31s
Rendered 119/933, time remaining: 4m 31s
Rendered 120/933, time remaining: 4m 30s
Rendered 121/933, time remaining: 4m 30s
Rendered 122/933, time remaining: 4m 29s
Rendered 123/933, time remaining: 4m 29s
Rendered 123/933, time remaining: 4m 29s
Rendered 124/933, time remaining: 4m 28s
Rendered 125/933, time remaining: 4m 28s
Rendered 126/933, time remaining: 4m 28s
Rendered 126/933, time remaining: 4m 28s
Rendered 127/933, time remaining: 4m 27s
Rendered 128/933, time remaining: 4m 26s
Rendered 129/933, time remaining: 4m 26s
Rendered 129/933, time remaining: 4m 26s
Rendered 130/933, time remaining: 4m 25s
Rendered 131/933, time remaining: 4m 25s
Rendered 132/933, time remaining: 4m 24s
Rendered 133/933, time remaining: 4m 24s
Rendered 133/933, time remaining: 4m 24s
Rendered 134/933, time remaining: 4m 24s
Rendered 135/933, time remaining: 4m 23s
Rendered 136/933, time remaining: 4m 23s
Rendered 136/933, time remaining: 4m 23s
Rendered 137/933, time remaining: 4m 22s
Rendered 138/933, time remaining: 4m 22s
Rendered 139/933, time remaining: 4m 21s
Rendered 139/933, time remaining: 4m 21s
Rendered 140/933, time remaining: 4m 20s
Rendered 141/933, time remaining: 4m 20s
Rendered 142/933, time remaining: 4m 20s
Rendered 142/933, time remaining: 4m 20s
Rendered 143/933, time remaining: 4m 19s
Rendered 144/933, time remaining: 4m 19s
Rendered 145/933, time remaining: 4m 18s
Rendered 146/933, time remaining: 4m 18s
Rendered 146/933, time remaining: 4m 18s
Rendered 147/933, time remaining: 4m 17s
Rendered 148/933, time remaining: 4m 17s
Rendered 148/933, time remaining: 4m 17s
Rendered 149/933, time remaining: 4m 17s
Rendered 150/933, time remaining: 4m 16s
Rendered 151/933, time remaining: 4m 16s
Rendered 152/933, time remaining: 4m 15s
Rendered 152/933, time remaining: 4m 15s
Rendered 153/933, time remaining: 4m 15s
Rendered 154/933, time remaining: 4m 15s
Rendered 155/933, time remaining: 4m 14s
Rendered 156/933, time remaining: 4m 14s
Rendered 156/933, time remaining: 4m 14s
Rendered 157/933, time remaining: 4m 14s
Rendered 158/933, time remaining: 4m 13s
Rendered 158/933, time remaining: 4m 13s
Rendered 159/933, time remaining: 4m 13s
Rendered 160/933, time remaining: 4m 13s
Rendered 161/933, time remaining: 4m 12s
Rendered 162/933, time remaining: 4m 12s
Rendered 162/933, time remaining: 4m 12s
Rendered 163/933, time remaining: 4m 12s
Rendered 164/933, time remaining: 4m 11s
Rendered 164/933, time remaining: 4m 11s
Rendered 165/933, time remaining: 4m 11s
Rendered 166/933, time remaining: 4m 11s
Rendered 167/933, time remaining: 4m 10s
Rendered 168/933, time remaining: 4m 10s
Rendered 168/933, time remaining: 4m 10s
Rendered 169/933, time remaining: 4m 10s
Rendered 170/933, time remaining: 4m 10s
Rendered 170/933, time remaining: 4m 10s
Rendered 171/933, time remaining: 4m 9s
Rendered 172/933, time remaining: 4m 9s
Rendered 173/933, time remaining: 4m 9s
Rendered 174/933, time remaining: 4m 8s
Rendered 174/933, time remaining: 4m 8s
Rendered 175/933, time remaining: 4m 8s
Rendered 176/933, time remaining: 4m 7s
Rendered 176/933, time remaining: 4m 7s
Rendered 177/933, time remaining: 4m 7s
Rendered 178/933, time remaining: 4m 7s
Rendered 179/933, time remaining: 4m 6s
Rendered 180/933, time remaining: 4m 6s
Rendered 180/933, time remaining: 4m 6s
Rendered 181/933, time remaining: 4m 6s
Rendered 182/933, time remaining: 4m 6s
Rendered 182/933, time remaining: 4m 6s
Rendered 183/933, time remaining: 4m 5s
Rendered 184/933, time remaining: 4m 5s
Rendered 185/933, time remaining: 4m 4s
Rendered 186/933, time remaining: 4m 4s
Rendered 186/933, time remaining: 4m 4s
Rendered 187/933, time remaining: 4m 4s
Rendered 188/933, time remaining: 4m 3s
Rendered 189/933, time remaining: 4m 3s
Rendered 190/933, time remaining: 4m 2s
Rendered 190/933, time remaining: 4m 2s
Rendered 191/933, time remaining: 4m 2s
Rendered 192/933, time remaining: 4m 1s
Rendered 192/933, time remaining: 4m 1s
Rendered 193/933, time remaining: 4m 1s
Rendered 194/933, time remaining: 4m 1s
Rendered 195/933, time remaining: 4m 0s
Rendered 196/933, time remaining: 4m 0s
Rendered 196/933, time remaining: 4m 0s
Rendered 197/933, time remaining: 3m 59s
Rendered 198/933, time remaining: 3m 59s
Rendered 199/933, time remaining: 3m 59s
Rendered 199/933, time remaining: 3m 59s
Rendered 200/933, time remaining: 3m 58s
Rendered 201/933, time remaining: 3m 58s
Rendered 202/933, time remaining: 3m 58s
Rendered 202/933, time remaining: 3m 58s
Rendered 203/933, time remaining: 3m 57s
Rendered 204/933, time remaining: 3m 57s
Rendered 205/933, time remaining: 3m 56s
Rendered 206/933, time remaining: 3m 56s
Rendered 206/933, time remaining: 3m 56s
Rendered 207/933, time remaining: 3m 56s
Rendered 208/933, time remaining: 3m 55s
Rendered 208/933, time remaining: 3m 55s
Rendered 209/933, time remaining: 3m 55s
Rendered 210/933, time remaining: 3m 54s
Rendered 211/933, time remaining: 3m 54s
Rendered 212/933, time remaining: 3m 54s
Rendered 212/933, time remaining: 3m 54s
Rendered 213/933, time remaining: 3m 53s
Rendered 214/933, time remaining: 3m 53s
Rendered 215/933, time remaining: 3m 52s
Rendered 215/933, time remaining: 3m 52s
Rendered 216/933, time remaining: 3m 52s
Rendered 217/933, time remaining: 3m 52s
Rendered 218/933, time remaining: 3m 51s
Rendered 218/933, time remaining: 3m 51s
Rendered 219/933, time remaining: 3m 51s
Rendered 220/933, time remaining: 3m 50s
Rendered 221/933, time remaining: 3m 50s
Rendered 222/933, time remaining: 3m 50s
Rendered 222/933, time remaining: 3m 50s
Rendered 223/933, time remaining: 3m 49s
Rendered 224/933, time remaining: 3m 49s
Rendered 225/933, time remaining: 3m 49s
Rendered 225/933, time remaining: 3m 49s
Rendered 226/933, time remaining: 3m 48s
Rendered 227/933, time remaining: 3m 48s
Rendered 228/933, time remaining: 3m 48s
Rendered 228/933, time remaining: 3m 48s
Rendered 229/933, time remaining: 3m 47s
Rendered 230/933, time remaining: 3m 47s
Rendered 231/933, time remaining: 3m 46s
Rendered 232/933, time remaining: 3m 46s
Rendered 232/933, time remaining: 3m 46s
Rendered 233/933, time remaining: 3m 46s
Rendered 234/933, time remaining: 3m 45s
Rendered 235/933, time remaining: 3m 45s
Rendered 235/933, time remaining: 3m 45s
Rendered 236/933, time remaining: 3m 44s
Rendered 237/933, time remaining: 3m 44s
Rendered 238/933, time remaining: 3m 44s
Rendered 238/933, time remaining: 3m 44s
Rendered 239/933, time remaining: 3m 43s
Rendered 240/933, time remaining: 3m 43s
Rendered 241/933, time remaining: 3m 43s
Rendered 242/933, time remaining: 3m 42s
Rendered 242/933, time remaining: 3m 42s
Rendered 243/933, time remaining: 3m 42s
Rendered 244/933, time remaining: 3m 42s
Rendered 244/933, time remaining: 3m 42s
Rendered 245/933, time remaining: 3m 41s
Rendered 246/933, time remaining: 3m 41s
Rendered 247/933, time remaining: 3m 40s
Rendered 248/933, time remaining: 3m 40s
Rendered 248/933, time remaining: 3m 40s
Rendered 249/933, time remaining: 3m 40s
Rendered 250/933, time remaining: 3m 39s
Rendered 251/933, time remaining: 3m 39s
Rendered 251/933, time remaining: 3m 39s
Rendered 252/933, time remaining: 3m 38s
Rendered 253/933, time remaining: 3m 38s
Rendered 254/933, time remaining: 3m 38s
Rendered 254/933, time remaining: 3m 38s
Rendered 255/933, time remaining: 3m 37s
Rendered 256/933, time remaining: 3m 37s
Rendered 257/933, time remaining: 3m 37s
Rendered 258/933, time remaining: 3m 36s
Rendered 258/933, time remaining: 3m 36s
Rendered 259/933, time remaining: 3m 36s
Rendered 260/933, time remaining: 3m 36s
Rendered 261/933, time remaining: 3m 35s
Rendered 261/933, time remaining: 3m 35s
Rendered 262/933, time remaining: 3m 35s
Rendered 263/933, time remaining: 3m 35s
Rendered 264/933, time remaining: 3m 34s
Rendered 264/933, time remaining: 3m 34s
Rendered 265/933, time remaining: 3m 34s
Rendered 266/933, time remaining: 3m 33s
Rendered 267/933, time remaining: 3m 33s
Rendered 268/933, time remaining: 3m 33s
Rendered 268/933, time remaining: 3m 33s
Rendered 269/933, time remaining: 3m 32s
Rendered 270/933, time remaining: 3m 32s
Rendered 271/933, time remaining: 3m 32s
Rendered 271/933, time remaining: 3m 32s
Rendered 272/933, time remaining: 3m 31s
Rendered 273/933, time remaining: 3m 31s
Rendered 274/933, time remaining: 3m 31s
Rendered 274/933, time remaining: 3m 31s
Rendered 275/933, time remaining: 3m 30s
Rendered 276/933, time remaining: 3m 30s
Rendered 277/933, time remaining: 3m 30s
Rendered 278/933, time remaining: 3m 29s
Rendered 278/933, time remaining: 3m 29s
Rendered 279/933, time remaining: 3m 29s
Rendered 280/933, time remaining: 3m 28s
Rendered 281/933, time remaining: 3m 28s
Rendered 281/933, time remaining: 3m 28s
Rendered 282/933, time remaining: 3m 28s
Rendered 283/933, time remaining: 3m 27s
Rendered 284/933, time remaining: 3m 27s
Rendered 284/933, time remaining: 3m 27s
Rendered 285/933, time remaining: 3m 26s
Rendered 286/933, time remaining: 3m 26s
Rendered 287/933, time remaining: 3m 26s
Rendered 288/933, time remaining: 3m 25s
Rendered 288/933, time remaining: 3m 25s
Rendered 289/933, time remaining: 3m 25s
Rendered 290/933, time remaining: 3m 25s
Rendered 291/933, time remaining: 3m 24s
Rendered 291/933, time remaining: 3m 24s
Rendered 292/933, time remaining: 3m 24s
Rendered 293/933, time remaining: 3m 24s
Rendered 294/933, time remaining: 3m 23s
Rendered 294/933, time remaining: 3m 23s
Rendered 295/933, time remaining: 3m 23s
Rendered 296/933, time remaining: 3m 23s
Rendered 297/933, time remaining: 3m 22s
Rendered 298/933, time remaining: 3m 22s
Rendered 298/933, time remaining: 3m 22s
Rendered 299/933, time remaining: 3m 21s
Rendered 300/933, time remaining: 3m 21s
Rendered 301/933, time remaining: 3m 21s
Rendered 301/933, time remaining: 3m 21s
Rendered 302/933, time remaining: 3m 20s
Rendered 303/933, time remaining: 3m 20s
Rendered 304/933, time remaining: 3m 20s
Rendered 304/933, time remaining: 3m 20s
Rendered 305/933, time remaining: 3m 20s
Rendered 306/933, time remaining: 3m 19s
Rendered 307/933, time remaining: 3m 19s
Rendered 307/933, time remaining: 3m 19s
Rendered 308/933, time remaining: 3m 19s
Rendered 309/933, time remaining: 3m 18s
Rendered 310/933, time remaining: 3m 18s
Rendered 310/933, time remaining: 3m 18s
Rendered 311/933, time remaining: 3m 18s
Rendered 312/933, time remaining: 3m 17s
Rendered 313/933, time remaining: 3m 17s
Rendered 314/933, time remaining: 3m 17s
Rendered 314/933, time remaining: 3m 17s
Rendered 315/933, time remaining: 3m 16s
Rendered 316/933, time remaining: 3m 16s
Rendered 316/933, time remaining: 3m 16s
Rendered 317/933, time remaining: 3m 16s
Rendered 318/933, time remaining: 3m 15s
Rendered 319/933, time remaining: 3m 15s
Rendered 320/933, time remaining: 3m 15s
Rendered 320/933, time remaining: 3m 15s
Rendered 321/933, time remaining: 3m 14s
Rendered 322/933, time remaining: 3m 14s
Rendered 323/933, time remaining: 3m 14s
Rendered 323/933, time remaining: 3m 14s
Rendered 324/933, time remaining: 3m 13s
Rendered 325/933, time remaining: 3m 13s
Rendered 326/933, time remaining: 3m 13s
Rendered 326/933, time remaining: 3m 13s
Rendered 327/933, time remaining: 3m 12s
Rendered 328/933, time remaining: 3m 12s
Rendered 329/933, time remaining: 3m 12s
Rendered 330/933, time remaining: 3m 11s
Rendered 330/933, time remaining: 3m 11s
Rendered 331/933, time remaining: 3m 11s
Rendered 332/933, time remaining: 3m 11s
Rendered 333/933, time remaining: 3m 10s
Rendered 333/933, time remaining: 3m 10s
Rendered 334/933, time remaining: 3m 10s
Rendered 335/933, time remaining: 3m 9s
Rendered 336/933, time remaining: 3m 9s
Rendered 336/933, time remaining: 3m 9s
Rendered 337/933, time remaining: 3m 9s
Rendered 338/933, time remaining: 3m 8s
Rendered 339/933, time remaining: 3m 8s
Rendered 340/933, time remaining: 3m 8s
Rendered 340/933, time remaining: 3m 8s
Rendered 341/933, time remaining: 3m 7s
Rendered 342/933, time remaining: 3m 7s
Rendered 342/933, time remaining: 3m 7s
Rendered 343/933, time remaining: 3m 7s
Rendered 344/933, time remaining: 3m 7s
Rendered 345/933, time remaining: 3m 6s
Rendered 346/933, time remaining: 3m 6s
Rendered 346/933, time remaining: 3m 6s
Rendered 347/933, time remaining: 3m 6s
Rendered 348/933, time remaining: 3m 5s
Rendered 349/933, time remaining: 3m 5s
Rendered 350/933, time remaining: 3m 5s
Rendered 350/933, time remaining: 3m 5s
Rendered 351/933, time remaining: 3m 4s
Rendered 352/933, time remaining: 3m 4s
Rendered 352/933, time remaining: 3m 4s
Rendered 353/933, time remaining: 3m 4s
Rendered 354/933, time remaining: 3m 3s
Rendered 355/933, time remaining: 3m 3s
Rendered 356/933, time remaining: 3m 3s
Rendered 356/933, time remaining: 3m 3s
Rendered 357/933, time remaining: 3m 2s
Rendered 358/933, time remaining: 3m 2s
Rendered 358/933, time remaining: 3m 2s
Rendered 359/933, time remaining: 3m 2s
Rendered 360/933, time remaining: 3m 2s
Rendered 361/933, time remaining: 3m 1s
Rendered 362/933, time remaining: 3m 1s
Rendered 362/933, time remaining: 3m 1s
Rendered 363/933, time remaining: 3m 1s
Rendered 364/933, time remaining: 3m 0s
Rendered 364/933, time remaining: 3m 0s
Rendered 365/933, time remaining: 3m 0s
Rendered 366/933, time remaining: 3m 0s
Rendered 367/933, time remaining: 2m 59s
Rendered 368/933, time remaining: 2m 59s
Rendered 368/933, time remaining: 2m 59s
Rendered 369/933, time remaining: 2m 59s
Rendered 370/933, time remaining: 2m 59s
Rendered 370/933, time remaining: 2m 59s
Rendered 371/933, time remaining: 2m 58s
Rendered 372/933, time remaining: 2m 58s
Rendered 373/933, time remaining: 2m 58s
Rendered 374/933, time remaining: 2m 57s
Rendered 374/933, time remaining: 2m 57s
Rendered 375/933, time remaining: 2m 57s
Rendered 376/933, time remaining: 2m 57s
Rendered 377/933, time remaining: 2m 56s
Rendered 377/933, time remaining: 2m 56s
Rendered 378/933, time remaining: 2m 56s
Rendered 379/933, time remaining: 2m 56s
Rendered 380/933, time remaining: 2m 55s
Rendered 380/933, time remaining: 2m 55s
Rendered 381/933, time remaining: 2m 55s
Rendered 382/933, time remaining: 2m 55s
Rendered 383/933, time remaining: 2m 54s
Rendered 384/933, time remaining: 2m 54s
Rendered 384/933, time remaining: 2m 54s
Rendered 385/933, time remaining: 2m 54s
Rendered 386/933, time remaining: 2m 53s
Rendered 386/933, time remaining: 2m 53s
Rendered 387/933, time remaining: 2m 53s
Rendered 388/933, time remaining: 2m 53s
Rendered 389/933, time remaining: 2m 52s
Rendered 390/933, time remaining: 2m 52s
Rendered 390/933, time remaining: 2m 52s
Rendered 391/933, time remaining: 2m 52s
Rendered 392/933, time remaining: 2m 51s
Rendered 393/933, time remaining: 2m 51s
Rendered 393/933, time remaining: 2m 51s
Rendered 394/933, time remaining: 2m 51s
Rendered 395/933, time remaining: 2m 50s
Rendered 396/933, time remaining: 2m 50s
Rendered 396/933, time remaining: 2m 50s
Rendered 397/933, time remaining: 2m 50s
Rendered 398/933, time remaining: 2m 50s
Rendered 399/933, time remaining: 2m 49s
Rendered 399/933, time remaining: 2m 49s
Rendered 400/933, time remaining: 2m 49s
Rendered 401/933, time remaining: 2m 49s
Rendered 402/933, time remaining: 2m 48s
Rendered 403/933, time remaining: 2m 48s
Rendered 403/933, time remaining: 2m 48s
Rendered 404/933, time remaining: 2m 48s
Rendered 405/933, time remaining: 2m 47s
Rendered 405/933, time remaining: 2m 47s
Rendered 406/933, time remaining: 2m 47s
Rendered 407/933, time remaining: 2m 47s
Rendered 408/933, time remaining: 2m 46s
Rendered 408/933, time remaining: 2m 46s
Rendered 409/933, time remaining: 2m 46s
Rendered 410/933, time remaining: 2m 46s
Rendered 411/933, time remaining: 2m 45s
Rendered 412/933, time remaining: 2m 45s
Rendered 412/933, time remaining: 2m 45s
Rendered 413/933, time remaining: 2m 45s
Rendered 414/933, time remaining: 2m 44s
Rendered 415/933, time remaining: 2m 44s
Rendered 415/933, time remaining: 2m 44s
Rendered 416/933, time remaining: 2m 44s
Rendered 417/933, time remaining: 2m 43s
Rendered 418/933, time remaining: 2m 43s
Rendered 419/933, time remaining: 2m 43s
Rendered 419/933, time remaining: 2m 43s
Rendered 420/933, time remaining: 2m 42s
Rendered 421/933, time remaining: 2m 42s
Rendered 422/933, time remaining: 2m 42s
Rendered 422/933, time remaining: 2m 42s
Rendered 423/933, time remaining: 2m 41s
Rendered 424/933, time remaining: 2m 41s
Rendered 424/933, time remaining: 2m 41s
Rendered 425/933, time remaining: 2m 41s
Rendered 426/933, time remaining: 2m 40s
Rendered 427/933, time remaining: 2m 40s
Rendered 428/933, time remaining: 2m 40s
Rendered 428/933, time remaining: 2m 40s
Rendered 429/933, time remaining: 2m 39s
Rendered 430/933, time remaining: 2m 39s
Rendered 431/933, time remaining: 2m 39s
Rendered 431/933, time remaining: 2m 39s
Rendered 432/933, time remaining: 2m 39s
Rendered 433/933, time remaining: 2m 38s
Rendered 434/933, time remaining: 2m 38s
Rendered 434/933, time remaining: 2m 38s
Rendered 435/933, time remaining: 2m 38s
Rendered 436/933, time remaining: 2m 37s
Rendered 436/933, time remaining: 2m 37s
Rendered 437/933, time remaining: 2m 37s
Rendered 438/933, time remaining: 2m 37s
Rendered 439/933, time remaining: 2m 36s
Rendered 440/933, time remaining: 2m 36s
Rendered 440/933, time remaining: 2m 36s
Rendered 441/933, time remaining: 2m 36s
Rendered 442/933, time remaining: 2m 36s
Rendered 443/933, time remaining: 2m 35s
Rendered 443/933, time remaining: 2m 35s
Rendered 444/933, time remaining: 2m 35s
Rendered 445/933, time remaining: 2m 35s
Rendered 446/933, time remaining: 2m 34s
Rendered 446/933, time remaining: 2m 34s
Rendered 447/933, time remaining: 2m 34s
Rendered 448/933, time remaining: 2m 34s
Rendered 449/933, time remaining: 2m 33s
Rendered 449/933, time remaining: 2m 33s
Rendered 450/933, time remaining: 2m 33s
Rendered 451/933, time remaining: 2m 33s
Rendered 452/933, time remaining: 2m 32s
Rendered 453/933, time remaining: 2m 32s
Rendered 453/933, time remaining: 2m 32s
Rendered 454/933, time remaining: 2m 32s
Rendered 455/933, time remaining: 2m 31s
Rendered 456/933, time remaining: 2m 31s
Rendered 456/933, time remaining: 2m 31s
Rendered 457/933, time remaining: 2m 31s
Rendered 458/933, time remaining: 2m 30s
Rendered 459/933, time remaining: 2m 30s
Rendered 459/933, time remaining: 2m 30s
Rendered 460/933, time remaining: 2m 30s
Rendered 461/933, time remaining: 2m 29s
Rendered 462/933, time remaining: 2m 29s
Rendered 462/933, time remaining: 2m 29s
Rendered 463/933, time remaining: 2m 29s
Rendered 464/933, time remaining: 2m 28s
Rendered 465/933, time remaining: 2m 28s
Rendered 465/933, time remaining: 2m 28s
Rendered 466/933, time remaining: 2m 28s
Rendered 467/933, time remaining: 2m 27s
Rendered 468/933, time remaining: 2m 27s
Rendered 468/933, time remaining: 2m 27s
Rendered 469/933, time remaining: 2m 27s
Rendered 470/933, time remaining: 2m 27s
Rendered 471/933, time remaining: 2m 26s
Rendered 472/933, time remaining: 2m 26s
Rendered 472/933, time remaining: 2m 26s
Rendered 473/933, time remaining: 2m 26s
Rendered 474/933, time remaining: 2m 25s
Rendered 475/933, time remaining: 2m 25s
Rendered 475/933, time remaining: 2m 25s
Rendered 476/933, time remaining: 2m 25s
Rendered 477/933, time remaining: 2m 24s
Rendered 478/933, time remaining: 2m 24s
Rendered 478/933, time remaining: 2m 24s
Rendered 479/933, time remaining: 2m 24s
Rendered 480/933, time remaining: 2m 23s
Rendered 481/933, time remaining: 2m 23s
Rendered 481/933, time remaining: 2m 23s
Rendered 482/933, time remaining: 2m 23s
Rendered 483/933, time remaining: 2m 22s
Rendered 484/933, time remaining: 2m 22s
Rendered 485/933, time remaining: 2m 22s
Rendered 485/933, time remaining: 2m 22s
Rendered 486/933, time remaining: 2m 21s
Rendered 487/933, time remaining: 2m 21s
Rendered 488/933, time remaining: 2m 21s
Rendered 488/933, time remaining: 2m 21s
Rendered 489/933, time remaining: 2m 20s
Rendered 490/933, time remaining: 2m 20s
Rendered 491/933, time remaining: 2m 20s
Rendered 491/933, time remaining: 2m 20s
Rendered 492/933, time remaining: 2m 19s
Rendered 493/933, time remaining: 2m 19s
Rendered 494/933, time remaining: 2m 19s
Rendered 494/933, time remaining: 2m 19s
Rendered 495/933, time remaining: 2m 18s
Rendered 496/933, time remaining: 2m 18s
Rendered 497/933, time remaining: 2m 18s
Rendered 497/933, time remaining: 2m 18s
Rendered 498/933, time remaining: 2m 17s
Rendered 499/933, time remaining: 2m 17s
Rendered 500/933, time remaining: 2m 17s
Rendered 501/933, time remaining: 2m 17s
Rendered 501/933, time remaining: 2m 17s
Rendered 502/933, time remaining: 2m 16s
Rendered 503/933, time remaining: 2m 16s
Rendered 504/933, time remaining: 2m 16s
Rendered 504/933, time remaining: 2m 16s
Rendered 505/933, time remaining: 2m 15s
Rendered 506/933, time remaining: 2m 15s
Rendered 507/933, time remaining: 2m 15s
Rendered 507/933, time remaining: 2m 15s
Rendered 508/933, time remaining: 2m 14s
Rendered 509/933, time remaining: 2m 14s
Rendered 510/933, time remaining: 2m 14s
Rendered 510/933, time remaining: 2m 14s
Rendered 511/933, time remaining: 2m 13s
Rendered 512/933, time remaining: 2m 13s
Rendered 513/933, time remaining: 2m 13s
Rendered 513/933, time remaining: 2m 13s
Rendered 514/933, time remaining: 2m 12s
Rendered 515/933, time remaining: 2m 12s
Rendered 516/933, time remaining: 2m 12s
Rendered 516/933, time remaining: 2m 12s
Rendered 517/933, time remaining: 2m 12s
Rendered 518/933, time remaining: 2m 11s
Rendered 519/933, time remaining: 2m 11s
Rendered 519/933, time remaining: 2m 11s
Rendered 520/933, time remaining: 2m 11s
Rendered 521/933, time remaining: 2m 10s
Rendered 522/933, time remaining: 2m 10s
Rendered 522/933, time remaining: 2m 10s
Rendered 523/933, time remaining: 2m 10s
Rendered 524/933, time remaining: 2m 9s
Rendered 525/933, time remaining: 2m 9s
Rendered 525/933, time remaining: 2m 9s
Rendered 526/933, time remaining: 2m 9s
Rendered 527/933, time remaining: 2m 8s
Rendered 528/933, time remaining: 2m 8s
Rendered 528/933, time remaining: 2m 8s
Rendered 529/933, time remaining: 2m 8s
Rendered 530/933, time remaining: 2m 7s
Rendered 531/933, time remaining: 2m 7s
Rendered 532/933, time remaining: 2m 7s
Rendered 532/933, time remaining: 2m 7s
Rendered 533/933, time remaining: 2m 6s
Rendered 534/933, time remaining: 2m 6s
Rendered 535/933, time remaining: 2m 6s
Rendered 535/933, time remaining: 2m 6s
Rendered 536/933, time remaining: 2m 6s
Rendered 537/933, time remaining: 2m 5s
Rendered 537/933, time remaining: 2m 5s
Rendered 538/933, time remaining: 2m 5s
Rendered 539/933, time remaining: 2m 5s
Rendered 540/933, time remaining: 2m 4s
Rendered 541/933, time remaining: 2m 4s
Rendered 541/933, time remaining: 2m 4s
Rendered 542/933, time remaining: 2m 4s
Rendered 543/933, time remaining: 2m 3s
Rendered 544/933, time remaining: 2m 3s
Rendered 544/933, time remaining: 2m 3s
Rendered 545/933, time remaining: 2m 3s
Rendered 546/933, time remaining: 2m 2s
Rendered 547/933, time remaining: 2m 2s
Rendered 547/933, time remaining: 2m 2s
Rendered 548/933, time remaining: 2m 2s
Rendered 549/933, time remaining: 2m 1s
Rendered 550/933, time remaining: 2m 1s
Rendered 550/933, time remaining: 2m 1s
Rendered 551/933, time remaining: 2m 1s
Rendered 552/933, time remaining: 2m 0s
Rendered 553/933, time remaining: 2m 0s
Rendered 553/933, time remaining: 2m 0s
Rendered 554/933, time remaining: 2m 0s
Rendered 555/933, time remaining: 1m 59s
Rendered 556/933, time remaining: 1m 59s
Rendered 557/933, time remaining: 1m 59s
Rendered 557/933, time remaining: 1m 59s
Rendered 558/933, time remaining: 1m 59s
Rendered 559/933, time remaining: 1m 58s
Rendered 560/933, time remaining: 1m 58s
Rendered 560/933, time remaining: 1m 58s
Rendered 561/933, time remaining: 1m 58s
Rendered 562/933, time remaining: 1m 57s
Rendered 563/933, time remaining: 1m 57s
Rendered 563/933, time remaining: 1m 57s
Rendered 564/933, time remaining: 1m 57s
Rendered 565/933, time remaining: 1m 56s
Rendered 566/933, time remaining: 1m 56s
Rendered 566/933, time remaining: 1m 56s
Rendered 567/933, time remaining: 1m 56s
Rendered 568/933, time remaining: 1m 55s
Rendered 569/933, time remaining: 1m 55s
Rendered 569/933, time remaining: 1m 55s
Rendered 570/933, time remaining: 1m 55s
Rendered 571/933, time remaining: 1m 54s
Rendered 572/933, time remaining: 1m 54s
Rendered 573/933, time remaining: 1m 54s
Rendered 573/933, time remaining: 1m 54s
Rendered 574/933, time remaining: 1m 53s
Rendered 575/933, time remaining: 1m 53s
Rendered 576/933, time remaining: 1m 53s
Rendered 576/933, time remaining: 1m 53s
Rendered 577/933, time remaining: 1m 53s
Rendered 578/933, time remaining: 1m 52s
Rendered 579/933, time remaining: 1m 52s
Rendered 579/933, time remaining: 1m 52s
Rendered 580/933, time remaining: 1m 52s
Rendered 581/933, time remaining: 1m 51s
Rendered 582/933, time remaining: 1m 51s
Rendered 582/933, time remaining: 1m 51s
Rendered 583/933, time remaining: 1m 51s
Rendered 584/933, time remaining: 1m 50s
Rendered 585/933, time remaining: 1m 50s
Rendered 586/933, time remaining: 1m 50s
Rendered 586/933, time remaining: 1m 50s
Rendered 587/933, time remaining: 1m 49s
Rendered 588/933, time remaining: 1m 49s
Rendered 588/933, time remaining: 1m 49s
Rendered 589/933, time remaining: 1m 49s
Rendered 590/933, time remaining: 1m 48s
Rendered 591/933, time remaining: 1m 48s
Rendered 592/933, time remaining: 1m 48s
Rendered 592/933, time remaining: 1m 48s
Rendered 593/933, time remaining: 1m 47s
Rendered 594/933, time remaining: 1m 47s
Rendered 594/933, time remaining: 1m 47s
Rendered 595/933, time remaining: 1m 47s
Rendered 596/933, time remaining: 1m 46s
Rendered 597/933, time remaining: 1m 46s
Rendered 598/933, time remaining: 1m 46s
Rendered 598/933, time remaining: 1m 46s
Rendered 599/933, time remaining: 1m 46s
Rendered 600/933, time remaining: 1m 45s
Rendered 601/933, time remaining: 1m 45s
Rendered 601/933, time remaining: 1m 45s
Rendered 602/933, time remaining: 1m 45s
Rendered 603/933, time remaining: 1m 44s
Rendered 604/933, time remaining: 1m 44s
Rendered 604/933, time remaining: 1m 44s
Rendered 605/933, time remaining: 1m 44s
Rendered 606/933, time remaining: 1m 43s
Rendered 607/933, time remaining: 1m 43s
Rendered 607/933, time remaining: 1m 43s
Rendered 608/933, time remaining: 1m 43s
Rendered 609/933, time remaining: 1m 42s
Rendered 610/933, time remaining: 1m 42s
Rendered 611/933, time remaining: 1m 42s
Rendered 611/933, time remaining: 1m 42s
Rendered 612/933, time remaining: 1m 41s
Rendered 613/933, time remaining: 1m 41s
Rendered 614/933, time remaining: 1m 41s
Rendered 614/933, time remaining: 1m 41s
Rendered 615/933, time remaining: 1m 40s
Rendered 616/933, time remaining: 1m 40s
Rendered 616/933, time remaining: 1m 40s
Rendered 617/933, time remaining: 1m 40s
Rendered 618/933, time remaining: 1m 40s
Rendered 619/933, time remaining: 1m 39s
Rendered 619/933, time remaining: 1m 39s
Rendered 620/933, time remaining: 1m 39s
Rendered 621/933, time remaining: 1m 39s
Rendered 622/933, time remaining: 1m 38s
Rendered 623/933, time remaining: 1m 38s
Rendered 623/933, time remaining: 1m 38s
Rendered 624/933, time remaining: 1m 38s
Rendered 625/933, time remaining: 1m 37s
Rendered 625/933, time remaining: 1m 37s
Rendered 626/933, time remaining: 1m 37s
Rendered 627/933, time remaining: 1m 37s
Rendered 628/933, time remaining: 1m 36s
Rendered 629/933, time remaining: 1m 36s
Rendered 629/933, time remaining: 1m 36s
Rendered 630/933, time remaining: 1m 36s
Rendered 631/933, time remaining: 1m 35s
Rendered 632/933, time remaining: 1m 35s
Rendered 632/933, time remaining: 1m 35s
Rendered 633/933, time remaining: 1m 35s
Rendered 634/933, time remaining: 1m 34s
Rendered 635/933, time remaining: 1m 34s
Rendered 635/933, time remaining: 1m 34s
Rendered 636/933, time remaining: 1m 34s
Rendered 637/933, time remaining: 1m 34s
Rendered 638/933, time remaining: 1m 33s
Rendered 639/933, time remaining: 1m 33s
Rendered 639/933, time remaining: 1m 33s
Rendered 640/933, time remaining: 1m 33s
Rendered 641/933, time remaining: 1m 32s
Rendered 641/933, time remaining: 1m 32s
Rendered 642/933, time remaining: 1m 32s
Rendered 643/933, time remaining: 1m 32s
Rendered 644/933, time remaining: 1m 31s
Rendered 645/933, time remaining: 1m 31s
Rendered 645/933, time remaining: 1m 31s
Rendered 646/933, time remaining: 1m 31s
Rendered 647/933, time remaining: 1m 30s
Rendered 647/933, time remaining: 1m 30s
Rendered 648/933, time remaining: 1m 30s
Rendered 649/933, time remaining: 1m 30s
Rendered 650/933, time remaining: 1m 29s
Rendered 651/933, time remaining: 1m 29s
Rendered 651/933, time remaining: 1m 29s
Rendered 652/933, time remaining: 1m 29s
Rendered 653/933, time remaining: 1m 28s
Rendered 654/933, time remaining: 1m 28s
Rendered 655/933, time remaining: 1m 28s
Rendered 655/933, time remaining: 1m 28s
Rendered 656/933, time remaining: 1m 27s
Rendered 657/933, time remaining: 1m 27s
Rendered 657/933, time remaining: 1m 27s
Rendered 658/933, time remaining: 1m 27s
Rendered 659/933, time remaining: 1m 27s
Rendered 660/933, time remaining: 1m 26s
Rendered 661/933, time remaining: 1m 26s
Rendered 661/933, time remaining: 1m 26s
Rendered 662/933, time remaining: 1m 26s
Rendered 663/933, time remaining: 1m 25s
Rendered 663/933, time remaining: 1m 25s
Rendered 664/933, time remaining: 1m 25s
Rendered 665/933, time remaining: 1m 25s
Rendered 666/933, time remaining: 1m 24s
Rendered 667/933, time remaining: 1m 24s
Rendered 667/933, time remaining: 1m 24s
Rendered 668/933, time remaining: 1m 24s
Rendered 669/933, time remaining: 1m 23s
Rendered 670/933, time remaining: 1m 23s
Rendered 670/933, time remaining: 1m 23s
Rendered 671/933, time remaining: 1m 23s
Rendered 672/933, time remaining: 1m 22s
Rendered 673/933, time remaining: 1m 22s
Rendered 673/933, time remaining: 1m 22s
Rendered 674/933, time remaining: 1m 22s
Rendered 675/933, time remaining: 1m 21s
Rendered 676/933, time remaining: 1m 21s
Rendered 676/933, time remaining: 1m 21s
Rendered 677/933, time remaining: 1m 21s
Rendered 678/933, time remaining: 1m 20s
Rendered 679/933, time remaining: 1m 20s
Rendered 680/933, time remaining: 1m 20s
Rendered 680/933, time remaining: 1m 20s
Rendered 681/933, time remaining: 1m 19s
Rendered 682/933, time remaining: 1m 19s
Rendered 683/933, time remaining: 1m 19s
Rendered 683/933, time remaining: 1m 19s
Rendered 684/933, time remaining: 1m 19s
Rendered 685/933, time remaining: 1m 18s
Rendered 686/933, time remaining: 1m 18s
Rendered 686/933, time remaining: 1m 18s
Rendered 687/933, time remaining: 1m 18s
Rendered 688/933, time remaining: 1m 17s
Rendered 689/933, time remaining: 1m 17s
Rendered 689/933, time remaining: 1m 17s
Rendered 690/933, time remaining: 1m 17s
Rendered 691/933, time remaining: 1m 16s
Rendered 692/933, time remaining: 1m 16s
Rendered 693/933, time remaining: 1m 16s
Rendered 693/933, time remaining: 1m 16s
Rendered 694/933, time remaining: 1m 15s
Rendered 695/933, time remaining: 1m 15s
Rendered 696/933, time remaining: 1m 15s
Rendered 696/933, time remaining: 1m 15s
Rendered 697/933, time remaining: 1m 14s
Rendered 698/933, time remaining: 1m 14s
Rendered 698/933, time remaining: 1m 14s
Rendered 699/933, time remaining: 1m 14s
Rendered 700/933, time remaining: 1m 13s
Rendered 701/933, time remaining: 1m 13s
Rendered 702/933, time remaining: 1m 13s
Rendered 702/933, time remaining: 1m 13s
Rendered 703/933, time remaining: 1m 13s
Rendered 704/933, time remaining: 1m 12s
Rendered 704/933, time remaining: 1m 12s
Rendered 705/933, time remaining: 1m 12s
Rendered 706/933, time remaining: 1m 12s
Rendered 707/933, time remaining: 1m 11s
Rendered 708/933, time remaining: 1m 11s
Rendered 708/933, time remaining: 1m 11s
Rendered 709/933, time remaining: 1m 11s
Rendered 710/933, time remaining: 1m 10s
Rendered 711/933, time remaining: 1m 10s
Rendered 711/933, time remaining: 1m 10s
Rendered 712/933, time remaining: 1m 10s
Rendered 713/933, time remaining: 1m 9s
Rendered 714/933, time remaining: 1m 9s
Rendered 714/933, time remaining: 1m 9s
Rendered 715/933, time remaining: 1m 9s
Rendered 716/933, time remaining: 1m 8s
Rendered 717/933, time remaining: 1m 8s
Rendered 718/933, time remaining: 1m 8s
Rendered 718/933, time remaining: 1m 8s
Rendered 719/933, time remaining: 1m 7s
Rendered 720/933, time remaining: 1m 7s
Rendered 721/933, time remaining: 1m 7s
Rendered 721/933, time remaining: 1m 7s
Rendered 722/933, time remaining: 1m 6s
Rendered 723/933, time remaining: 1m 6s
Rendered 724/933, time remaining: 1m 6s
Rendered 724/933, time remaining: 1m 6s
Rendered 725/933, time remaining: 1m 6s
Rendered 726/933, time remaining: 1m 5s
Rendered 727/933, time remaining: 1m 5s
Rendered 727/933, time remaining: 1m 5s
Rendered 728/933, time remaining: 1m 5s
Rendered 729/933, time remaining: 1m 4s
Rendered 730/933, time remaining: 1m 4s
Rendered 730/933, time remaining: 1m 4s
Rendered 731/933, time remaining: 1m 4s
Rendered 732/933, time remaining: 1m 3s
Rendered 733/933, time remaining: 1m 3s
Rendered 734/933, time remaining: 1m 3s
Rendered 734/933, time remaining: 1m 3s
Rendered 735/933, time remaining: 1m 2s
Rendered 736/933, time remaining: 1m 2s
Rendered 737/933, time remaining: 1m 2s
Rendered 738/933, time remaining: 1m 1s
Rendered 738/933, time remaining: 1m 1s
Rendered 739/933, time remaining: 1m 1s
Rendered 740/933, time remaining: 1m 1s
Rendered 740/933, time remaining: 1m 1s
Rendered 741/933, time remaining: 1m 0s
Rendered 742/933, time remaining: 1m 0s
Rendered 743/933, time remaining: 1m 0s
Rendered 744/933, time remaining: 59s
Rendered 744/933, time remaining: 59s
Rendered 745/933, time remaining: 59s
Rendered 746/933, time remaining: 59s
Rendered 746/933, time remaining: 59s
Rendered 747/933, time remaining: 58s
Rendered 748/933, time remaining: 58s
Rendered 749/933, time remaining: 58s
Rendered 750/933, time remaining: 58s
Rendered 750/933, time remaining: 58s
Rendered 751/933, time remaining: 57s
Rendered 752/933, time remaining: 57s
Rendered 753/933, time remaining: 57s
Rendered 753/933, time remaining: 57s
Rendered 754/933, time remaining: 56s
Rendered 755/933, time remaining: 56s
Rendered 756/933, time remaining: 56s
Rendered 756/933, time remaining: 56s
Rendered 757/933, time remaining: 55s
Rendered 758/933, time remaining: 55s
Rendered 759/933, time remaining: 55s
Rendered 760/933, time remaining: 54s
Rendered 760/933, time remaining: 54s
Rendered 761/933, time remaining: 54s
Rendered 762/933, time remaining: 54s
Rendered 763/933, time remaining: 53s
Rendered 763/933, time remaining: 53s
Rendered 764/933, time remaining: 53s
Rendered 765/933, time remaining: 53s
Rendered 766/933, time remaining: 52s
Rendered 766/933, time remaining: 52s
Rendered 767/933, time remaining: 52s
Rendered 768/933, time remaining: 52s
Rendered 769/933, time remaining: 51s
Rendered 770/933, time remaining: 51s
Rendered 770/933, time remaining: 51s
Rendered 771/933, time remaining: 51s
Rendered 772/933, time remaining: 51s
Rendered 772/933, time remaining: 51s
Rendered 773/933, time remaining: 50s
Rendered 774/933, time remaining: 50s
Rendered 775/933, time remaining: 50s
Rendered 776/933, time remaining: 49s
Rendered 776/933, time remaining: 49s
Rendered 777/933, time remaining: 49s
Rendered 778/933, time remaining: 49s
Rendered 779/933, time remaining: 48s
Rendered 779/933, time remaining: 48s
Rendered 780/933, time remaining: 48s
Rendered 781/933, time remaining: 48s
Rendered 782/933, time remaining: 47s
Rendered 782/933, time remaining: 47s
Rendered 783/933, time remaining: 47s
Rendered 784/933, time remaining: 47s
Rendered 785/933, time remaining: 46s
Rendered 785/933, time remaining: 46s
Rendered 786/933, time remaining: 46s
Rendered 787/933, time remaining: 46s
Rendered 788/933, time remaining: 45s
Rendered 789/933, time remaining: 45s
Rendered 789/933, time remaining: 45s
Rendered 790/933, time remaining: 45s
Rendered 791/933, time remaining: 44s
Rendered 792/933, time remaining: 44s
Rendered 792/933, time remaining: 44s
Rendered 793/933, time remaining: 44s
Rendered 794/933, time remaining: 43s
Rendered 795/933, time remaining: 43s
Rendered 796/933, time remaining: 43s
Rendered 796/933, time remaining: 43s
Rendered 797/933, time remaining: 43s
Rendered 798/933, time remaining: 42s
Rendered 799/933, time remaining: 42s
Rendered 799/933, time remaining: 42s
Rendered 800/933, time remaining: 42s
Rendered 801/933, time remaining: 41s
Rendered 802/933, time remaining: 41s
Rendered 802/933, time remaining: 41s
Rendered 803/933, time remaining: 41s
Rendered 804/933, time remaining: 40s
Rendered 805/933, time remaining: 40s
Rendered 806/933, time remaining: 40s
Rendered 806/933, time remaining: 40s
Rendered 807/933, time remaining: 39s
Rendered 808/933, time remaining: 39s
Rendered 808/933, time remaining: 39s
Rendered 809/933, time remaining: 39s
Rendered 810/933, time remaining: 38s
Rendered 811/933, time remaining: 38s
Rendered 812/933, time remaining: 38s
Rendered 812/933, time remaining: 38s
Rendered 813/933, time remaining: 37s
Rendered 814/933, time remaining: 37s
Rendered 815/933, time remaining: 37s
Rendered 815/933, time remaining: 37s
Rendered 816/933, time remaining: 37s
Rendered 817/933, time remaining: 36s
Rendered 818/933, time remaining: 36s
Rendered 818/933, time remaining: 36s
Rendered 819/933, time remaining: 36s
Rendered 820/933, time remaining: 35s
Rendered 821/933, time remaining: 35s
Rendered 822/933, time remaining: 35s
Rendered 822/933, time remaining: 35s
Rendered 823/933, time remaining: 34s
Rendered 824/933, time remaining: 34s
Rendered 824/933, time remaining: 34s
Rendered 825/933, time remaining: 34s
Rendered 826/933, time remaining: 33s
Rendered 827/933, time remaining: 33s
Rendered 828/933, time remaining: 33s
Rendered 828/933, time remaining: 33s
Rendered 829/933, time remaining: 32s
Rendered 830/933, time remaining: 32s
Rendered 831/933, time remaining: 32s
Rendered 832/933, time remaining: 31s
Rendered 832/933, time remaining: 31s
Rendered 833/933, time remaining: 31s
Rendered 834/933, time remaining: 31s
Rendered 834/933, time remaining: 31s
Rendered 835/933, time remaining: 30s
Rendered 836/933, time remaining: 30s
Rendered 837/933, time remaining: 30s
Rendered 837/933, time remaining: 30s
Rendered 838/933, time remaining: 30s
Rendered 839/933, time remaining: 29s
Rendered 840/933, time remaining: 29s
Rendered 840/933, time remaining: 29s
Rendered 841/933, time remaining: 29s
Rendered 842/933, time remaining: 28s
Rendered 843/933, time remaining: 28s
Rendered 844/933, time remaining: 28s
Rendered 844/933, time remaining: 28s
Rendered 845/933, time remaining: 27s
Rendered 846/933, time remaining: 27s
Rendered 846/933, time remaining: 27s
Rendered 847/933, time remaining: 27s
Rendered 848/933, time remaining: 26s
Rendered 849/933, time remaining: 26s
Rendered 850/933, time remaining: 26s
Rendered 850/933, time remaining: 26s
Rendered 851/933, time remaining: 25s
Rendered 852/933, time remaining: 25s
Rendered 852/933, time remaining: 25s
Rendered 853/933, time remaining: 25s
Rendered 854/933, time remaining: 24s
Rendered 855/933, time remaining: 24s
Rendered 856/933, time remaining: 24s
Rendered 856/933, time remaining: 24s
Rendered 857/933, time remaining: 24s
Rendered 858/933, time remaining: 23s
Rendered 859/933, time remaining: 23s
Rendered 859/933, time remaining: 23s
Rendered 860/933, time remaining: 23s
Rendered 861/933, time remaining: 22s
Rendered 862/933, time remaining: 22s
Rendered 862/933, time remaining: 22s
Rendered 863/933, time remaining: 22s
Rendered 864/933, time remaining: 21s
Rendered 865/933, time remaining: 21s
Rendered 866/933, time remaining: 21s
Rendered 866/933, time remaining: 21s
Rendered 867/933, time remaining: 20s
Rendered 868/933, time remaining: 20s
Rendered 868/933, time remaining: 20s
Rendered 869/933, time remaining: 20s
Rendered 870/933, time remaining: 19s
Rendered 871/933, time remaining: 19s
Rendered 872/933, time remaining: 19s
Rendered 872/933, time remaining: 19s
Rendered 873/933, time remaining: 18s
Rendered 874/933, time remaining: 18s
Rendered 875/933, time remaining: 18s
Rendered 875/933, time remaining: 18s
Rendered 876/933, time remaining: 18s
Rendered 877/933, time remaining: 17s
Rendered 878/933, time remaining: 17s
Rendered 878/933, time remaining: 17s
Rendered 879/933, time remaining: 17s
Rendered 880/933, time remaining: 16s
Rendered 881/933, time remaining: 16s
Rendered 881/933, time remaining: 16s
Rendered 882/933, time remaining: 16s
Rendered 883/933, time remaining: 15s
Rendered 884/933, time remaining: 15s
Rendered 885/933, time remaining: 15s
Rendered 885/933, time remaining: 15s
Rendered 886/933, time remaining: 14s
Rendered 887/933, time remaining: 14s
Rendered 888/933, time remaining: 14s
Rendered 888/933, time remaining: 14s
Rendered 889/933, time remaining: 13s
Rendered 890/933, time remaining: 13s
Rendered 891/933, time remaining: 13s
Rendered 891/933, time remaining: 13s
Rendered 892/933, time remaining: 12s
Rendered 893/933, time remaining: 12s
Rendered 894/933, time remaining: 12s
Rendered 894/933, time remaining: 12s
Rendered 895/933, time remaining: 12s
Rendered 896/933, time remaining: 11s
Rendered 897/933, time remaining: 11s
Rendered 897/933, time remaining: 11s
Rendered 898/933, time remaining: 11s
Rendered 899/933, time remaining: 10s
Rendered 900/933, time remaining: 10s
Rendered 900/933, time remaining: 10s
Rendered 901/933, time remaining: 10s
Rendered 902/933, time remaining: 9s
Rendered 903/933, time remaining: 9s
Rendered 903/933, time remaining: 9s
Rendered 904/933, time remaining: 9s
Rendered 905/933, time remaining: 8s
Rendered 906/933, time remaining: 8s
Rendered 907/933, time remaining: 8s
Rendered 907/933, time remaining: 8s
Rendered 908/933, time remaining: 7s
Rendered 909/933, time remaining: 7s
Rendered 909/933, time remaining: 7s
Rendered 910/933, time remaining: 7s
Rendered 911/933, time remaining: 6s
Rendered 912/933, time remaining: 6s
Rendered 913/933, time remaining: 6s
Rendered 913/933, time remaining: 6s
Rendered 914/933, time remaining: 6s
Rendered 915/933, time remaining: 5s
Rendered 915/933, time remaining: 5s
Rendered 916/933, time remaining: 5s
Rendered 917/933, time remaining: 5s
Rendered 918/933, time remaining: 4s
Rendered 919/933, time remaining: 4s
Rendered 919/933, time remaining: 4s
Rendered 920/933, time remaining: 4s
Rendered 921/933, time remaining: 3s
Rendered 922/933, time remaining: 3s
Rendered 922/933, time remaining: 3s
Rendered 923/933, time remaining: 3s
Rendered 924/933, time remaining: 2s
Rendered 925/933, time remaining: 2s
Rendered 925/933, time remaining: 2s
Rendered 926/933, time remaining: 2s
Rendered 927/933, time remaining: 1s
Rendered 928/933, time remaining: 1s
Rendered 929/933, time remaining: 1s
Rendered 929/933, time remaining: 1s
Rendered 930/933, time remaining: 0s
Rendered 931/933, time remaining: 0s
Rendered 931/933, time remaining: 0s
Rendered 932/933, time remaining: 0s
Stitched 704/933
Stitched 716/933
Stitched 736/933
Stitched 746/933
Stitched 933/933
[34m+                    out/nba-2k25-delisting.mp4[39m [90m17 MB[39m

Done: /home/runner/work/ai-shorts/ai-shorts/out/nba-2k25-delisting.mp4
